2026-05-08 17:06:09,724 - INFO - Received GET request for page_id: p0001 edition: whitaker_latin
2026-05-08 17:06:09,734 - INFO - Successfully read payload for page_id: p0001
2026-05-08 17:06:09,745 - INFO - Received GET request for page_id: p0001 edition: None
2026-05-08 17:06:09,746 - WARNING - Page not found: p0001
2026-05-08 17:06:09,756 - INFO - Received POST request to save page_id: p0001 edition: whitaker_latin
2026-05-08 17:06:09,761 - INFO - Recorded 1 edits for page_id: p0001
2026-05-08 17:06:09,764 - INFO - Successfully saved payload for page_id: p0001
2026-05-08 17:06:42,681 - INFO - Received POST request to save page_id: p0033 edition: None
2026-05-08 17:06:42,696 - INFO - Recorded 1 edits for page_id: p0033
2026-05-08 17:06:42,700 - INFO - Successfully saved payload for page_id: p0033
2026-05-08 17:06:42,721 - INFO - Received GET request for page_id: p0033 edition: None
2026-05-08 17:06:42,723 - INFO - Successfully read payload for page_id: p0033
2026-05-08 17:06:42,731 - INFO - Received POST request to save page_id: p0099 edition: None
2026-05-08 17:06:42,750 - INFO - Recorded 1 edits for page_id: p0099
2026-05-08 17:06:42,753 - INFO - Successfully saved payload for page_id: p0099
2026-05-08 17:06:42,773 - INFO - Received POST request to save page_id: p0099 edition: None
2026-05-08 17:06:42,777 - INFO - Recorded 2 edits for page_id: p0099
2026-05-08 17:06:42,781 - INFO - Successfully saved payload for page_id: p0099
2026-05-08 17:06:42,799 - INFO - Received POST request to save page_id: p0099 edition: None
2026-05-08 17:06:42,803 - INFO - Recorded 2 edits for page_id: p0099
2026-05-08 17:06:42,807 - INFO - Successfully saved payload for page_id: p0099
2026-05-08 17:06:42,829 - INFO - Received POST request to save page_id: p0099 edition: None
2026-05-08 17:06:42,833 - INFO - Recorded 1 edits for page_id: p0099
2026-05-08 17:06:42,834 - INFO - Successfully saved payload for page_id: p0099
2026-05-08 17:06:42,834 - INFO - Received POST request to save page_id: p0099 edition: None
2026-05-08 17:06:42,854 - INFO - Recorded 1 edits for page_id: p0099
2026-05-08 17:06:42,859 - INFO - Successfully saved payload for page_id: p0099
2026-05-08 17:06:42,879 - INFO - Received POST request to save page_id: p0099 edition: None
2026-05-08 17:06:42,891 - INFO - Recorded 0 edits for page_id: p0099
2026-05-08 17:06:42,895 - INFO - Successfully saved payload for page_id: p0099
2026-05-08 17:07:03,060 - INFO - Received POST request to save page_id: p0033 edition: None
2026-05-08 17:07:03,063 - INFO - Recorded 1 edits for page_id: p0033
2026-05-08 17:07:03,067 - INFO - Successfully saved payload for page_id: p0033
2026-05-08 17:07:03,079 - INFO - Received GET request for page_id: p0033 edition: None
2026-05-08 17:07:03,081 - INFO - Successfully read payload for page_id: p0033
2026-05-08 17:07:03,090 - INFO - Received POST request to save page_id: p0099 edition: None
2026-05-08 17:07:03,097 - INFO - Recorded 1 edits for page_id: p0099
2026-05-08 17:07:03,109 - INFO - Successfully saved payload for page_id: p0099
2026-05-08 17:07:03,145 - INFO - Received POST request to save page_id: p0099 edition: None
2026-05-08 17:07:03,153 - INFO - Recorded 2 edits for page_id: p0099
2026-05-08 17:07:03,159 - INFO - Successfully saved payload for page_id: p0099
2026-05-08 17:07:03,182 - INFO - Received POST request to save page_id: p0099 edition: None
2026-05-08 17:07:03,187 - INFO - Recorded 2 edits for page_id: p0099
2026-05-08 17:07:03,192 - INFO - Successfully saved payload for page_id: p0099
2026-05-08 17:07:03,214 - INFO - Received POST request to save page_id: p0099 edition: None
2026-05-08 17:07:03,218 - INFO - Recorded 1 edits for page_id: p0099
2026-05-08 17:07:03,222 - INFO - Successfully saved payload for page_id: p0099
2026-05-08 17:07:03,223 - INFO - Received POST request to save page_id: p0099 edition: None
2026-05-08 17:07:03,234 - INFO - Recorded 1 edits for page_id: p0099
2026-05-08 17:07:03,238 - INFO - Successfully saved payload for page_id: p0099
2026-05-08 17:07:03,257 - INFO - Received POST request to save page_id: p0099 edition: None
2026-05-08 17:07:03,259 - INFO - Recorded 0 edits for page_id: p0099
2026-05-08 17:07:03,262 - INFO - Successfully saved payload for page_id: p0099
2026-05-08 17:07:03,302 - INFO - Received GET request for page_id: p0001 edition: whitaker_latin
2026-05-08 17:07:03,304 - INFO - Successfully read payload for page_id: p0001
2026-05-08 17:07:03,309 - INFO - Received GET request for page_id: p0001 edition: None
2026-05-08 17:07:03,309 - WARNING - Page not found: p0001
2026-05-08 17:07:03,323 - INFO - Received POST request to save page_id: p0001 edition: whitaker_latin
2026-05-08 17:07:03,328 - INFO - Recorded 1 edits for page_id: p0001
2026-05-08 17:07:03,332 - INFO - Successfully saved payload for page_id: p0001
2026-05-08 17:07:04,644 - INFO - Received POST request to save page_id: p0050 edition: None
2026-05-08 17:07:04,646 - INFO - Recorded 0 edits for page_id: p0050
2026-05-08 17:07:04,650 - INFO - Successfully saved payload for page_id: p0050
2026-05-08 17:07:04,669 - INFO - Received POST request to save page_id: p0050 edition: None
2026-05-08 17:07:04,672 - INFO - Recorded 0 edits for page_id: p0050
2026-05-08 17:07:04,675 - INFO - Successfully saved payload for page_id: p0050
2026-05-08 17:27:47,388 - INFO - Received POST request to save page_id: p0033 edition: None
2026-05-08 17:27:47,393 - INFO - Recorded 1 edits for page_id: p0033
2026-05-08 17:27:47,397 - INFO - Successfully saved payload for page_id: p0033
2026-05-08 17:27:47,407 - INFO - Received GET request for page_id: p0033 edition: None
2026-05-08 17:27:47,409 - INFO - Successfully read payload for page_id: p0033
2026-05-08 17:27:47,416 - INFO - Received POST request to save page_id: p0099 edition: None
2026-05-08 17:27:47,419 - INFO - Recorded 1 edits for page_id: p0099
2026-05-08 17:27:47,422 - INFO - Successfully saved payload for page_id: p0099
2026-05-08 17:27:47,445 - INFO - Received POST request to save page_id: p0099 edition: None
2026-05-08 17:27:47,448 - INFO - Recorded 2 edits for page_id: p0099
2026-05-08 17:27:47,451 - INFO - Successfully saved payload for page_id: p0099
2026-05-08 17:27:47,472 - INFO - Received POST request to save page_id: p0099 edition: None
2026-05-08 17:27:47,476 - INFO - Recorded 2 edits for page_id: p0099
2026-05-08 17:27:47,479 - INFO - Successfully saved payload for page_id: p0099
2026-05-08 17:27:47,500 - INFO - Received POST request to save page_id: p0099 edition: None
2026-05-08 17:27:47,504 - INFO - Recorded 1 edits for page_id: p0099
2026-05-08 17:27:47,508 - INFO - Successfully saved payload for page_id: p0099
2026-05-08 17:27:47,509 - INFO - Received POST request to save page_id: p0099 edition: None
2026-05-08 17:27:47,511 - INFO - Recorded 1 edits for page_id: p0099
2026-05-08 17:27:47,514 - INFO - Successfully saved payload for page_id: p0099
2026-05-08 17:27:47,531 - INFO - Received POST request to save page_id: p0099 edition: None
2026-05-08 17:27:47,533 - INFO - Recorded 0 edits for page_id: p0099
2026-05-08 17:27:47,536 - INFO - Successfully saved payload for page_id: p0099
2026-05-08 17:27:47,564 - INFO - Received GET request for page_id: p0001 edition: whitaker_latin
2026-05-08 17:27:47,579 - INFO - Successfully read payload for page_id: p0001
2026-05-08 17:27:47,587 - INFO - Received GET request for page_id: p0001 edition: None
2026-05-08 17:27:47,587 - WARNING - Page not found: p0001
2026-05-08 17:27:47,595 - INFO - Received POST request to save page_id: p0001 edition: whitaker_latin
2026-05-08 17:27:47,598 - INFO - Recorded 1 edits for page_id: p0001
2026-05-08 17:27:47,601 - INFO - Successfully saved payload for page_id: p0001
2026-05-08 17:38:52,412 - INFO - Received POST request to save page_id: p0033 edition: None
2026-05-08 17:38:52,415 - INFO - Recorded 1 edits for page_id: p0033
2026-05-08 17:38:52,419 - INFO - Successfully saved payload for page_id: p0033
2026-05-08 17:38:52,428 - INFO - Received GET request for page_id: p0033 edition: None
2026-05-08 17:38:52,430 - INFO - Successfully read payload for page_id: p0033
2026-05-08 17:38:52,437 - INFO - Received POST request to save page_id: p0099 edition: None
2026-05-08 17:38:52,441 - INFO - Recorded 1 edits for page_id: p0099
2026-05-08 17:38:52,445 - INFO - Successfully saved payload for page_id: p0099
2026-05-08 17:38:52,466 - INFO - Received POST request to save page_id: p0099 edition: None
2026-05-08 17:38:52,470 - INFO - Recorded 2 edits for page_id: p0099
2026-05-08 17:38:52,474 - INFO - Successfully saved payload for page_id: p0099
2026-05-08 17:38:52,494 - INFO - Received POST request to save page_id: p0099 edition: None
2026-05-08 17:38:52,497 - INFO - Recorded 2 edits for page_id: p0099
2026-05-08 17:38:52,500 - INFO - Successfully saved payload for page_id: p0099
2026-05-08 17:38:52,517 - INFO - Received POST request to save page_id: p0099 edition: None
2026-05-08 17:38:52,520 - INFO - Recorded 1 edits for page_id: p0099
2026-05-08 17:38:52,523 - INFO - Successfully saved payload for page_id: p0099
2026-05-08 17:38:52,524 - INFO - Received POST request to save page_id: p0099 edition: None
2026-05-08 17:38:52,527 - INFO - Recorded 1 edits for page_id: p0099
2026-05-08 17:38:52,530 - INFO - Successfully saved payload for page_id: p0099
2026-05-08 17:38:52,547 - INFO - Received POST request to save page_id: p0099 edition: None
2026-05-08 17:38:52,550 - INFO - Recorded 0 edits for page_id: p0099
2026-05-08 17:38:52,553 - INFO - Successfully saved payload for page_id: p0099
2026-05-08 17:38:52,585 - INFO - Received GET request for page_id: p0001 edition: whitaker_latin
2026-05-08 17:38:52,587 - INFO - Successfully read payload for page_id: p0001
2026-05-08 17:38:52,596 - INFO - Received GET request for page_id: p0001 edition: None
2026-05-08 17:38:52,596 - WARNING - Page not found: p0001
2026-05-08 17:38:52,603 - INFO - Received POST request to save page_id: p0001 edition: whitaker_latin
2026-05-08 17:38:52,608 - INFO - Recorded 1 edits for page_id: p0001
2026-05-08 17:38:52,611 - INFO - Successfully saved payload for page_id: p0001
2026-05-08 17:39:43,329 - INFO - Received POST request to save page_id: p0033 edition: None
2026-05-08 17:39:43,333 - INFO - Recorded 1 edits for page_id: p0033
2026-05-08 17:39:43,336 - INFO - Successfully saved payload for page_id: p0033
2026-05-08 17:39:43,346 - INFO - Received GET request for page_id: p0033 edition: None
2026-05-08 17:39:43,348 - INFO - Successfully read payload for page_id: p0033
2026-05-08 17:39:43,357 - INFO - Received POST request to save page_id: p0099 edition: None
2026-05-08 17:39:43,358 - INFO - Recorded 1 edits for page_id: p0099
2026-05-08 17:39:43,367 - INFO - Successfully saved payload for page_id: p0099
2026-05-08 17:39:43,387 - INFO - Received POST request to save page_id: p0099 edition: None
2026-05-08 17:39:43,391 - INFO - Recorded 2 edits for page_id: p0099
2026-05-08 17:39:43,395 - INFO - Successfully saved payload for page_id: p0099
2026-05-08 17:39:43,415 - INFO - Received POST request to save page_id: p0099 edition: None
2026-05-08 17:39:43,419 - INFO - Recorded 2 edits for page_id: p0099
2026-05-08 17:39:43,423 - INFO - Successfully saved payload for page_id: p0099
2026-05-08 17:39:43,442 - INFO - Received POST request to save page_id: p0099 edition: None
2026-05-08 17:39:43,447 - INFO - Recorded 1 edits for page_id: p0099
2026-05-08 17:39:43,450 - INFO - Successfully saved payload for page_id: p0099
2026-05-08 17:39:43,451 - INFO - Received POST request to save page_id: p0099 edition: None
2026-05-08 17:39:43,469 - INFO - Recorded 1 edits for page_id: p0099
2026-05-08 17:39:43,473 - INFO - Successfully saved payload for page_id: p0099
2026-05-08 17:39:43,494 - INFO - Received POST request to save page_id: p0099 edition: None
2026-05-08 17:39:43,496 - INFO - Recorded 0 edits for page_id: p0099
2026-05-08 17:39:43,499 - INFO - Successfully saved payload for page_id: p0099
2026-05-08 17:39:43,531 - INFO - Received GET request for page_id: p0001 edition: whitaker_latin
2026-05-08 17:39:43,533 - INFO - Successfully read payload for page_id: p0001
2026-05-08 17:39:43,543 - INFO - Received GET request for page_id: p0001 edition: None
2026-05-08 17:39:43,544 - WARNING - Page not found: p0001
2026-05-08 17:39:43,553 - INFO - Received POST request to save page_id: p0001 edition: whitaker_latin
2026-05-08 17:39:43,559 - INFO - Recorded 1 edits for page_id: p0001
2026-05-08 17:39:43,562 - INFO - Successfully saved payload for page_id: p0001
2026-05-08 17:39:44,165 - INFO - Received POST request to save page_id: p0050 edition: None
2026-05-08 17:39:44,168 - INFO - Recorded 0 edits for page_id: p0050
2026-05-08 17:39:44,171 - INFO - Successfully saved payload for page_id: p0050
2026-05-08 17:39:44,182 - INFO - Received POST request to save page_id: p0050 edition: None
2026-05-08 17:39:44,184 - INFO - Recorded 0 edits for page_id: p0050
2026-05-08 17:39:44,187 - INFO - Successfully saved payload for page_id: p0050
2026-05-08 21:13:29,932 - INFO - Received GET request for page_id: p0001 edition: whitaker_latin
2026-05-08 21:13:30,015 - INFO - Successfully read payload for page_id: p0001
2026-05-08 21:13:30,026 - INFO - Received GET request for page_id: p0001 edition: None
2026-05-08 21:13:30,026 - WARNING - Page not found: p0001
2026-05-08 21:13:30,038 - INFO - Received POST request to save page_id: p0001 edition: whitaker_latin
2026-05-08 21:13:30,038 - INFO - Recorded 1 edits for page_id: p0001
2026-05-08 21:13:30,058 - INFO - Successfully saved payload for page_id: p0001
2026-06-14 05:46:25,099 - INFO - Received POST request to save page_id: p0033 edition: None
2026-06-14 05:46:25,113 - INFO - Recorded 1 edits for page_id: p0033
2026-06-14 05:46:25,116 - INFO - Successfully saved payload for page_id: p0033
2026-06-14 05:46:25,134 - INFO - Received GET request for page_id: p0033 edition: None
2026-06-14 05:46:25,137 - INFO - Successfully read payload for page_id: p0033
2026-06-14 05:46:25,146 - INFO - Received POST request to save page_id: p0099 edition: None
2026-06-14 05:46:25,164 - INFO - Recorded 1 edits for page_id: p0099
2026-06-14 05:46:25,168 - INFO - Successfully saved payload for page_id: p0099
2026-06-14 05:46:25,177 - INFO - Received POST request to save page_id: p0099 edition: None
2026-06-14 05:46:25,196 - INFO - Recorded 2 edits for page_id: p0099
2026-06-14 05:46:25,200 - INFO - Successfully saved payload for page_id: p0099
2026-06-14 05:46:25,220 - INFO - Received POST request to save page_id: p0099 edition: None
2026-06-14 05:46:25,220 - INFO - Recorded 2 edits for page_id: p0099
2026-06-14 05:46:25,230 - INFO - Successfully saved payload for page_id: p0099
2026-06-14 05:46:25,251 - INFO - Received POST request to save page_id: p0099 edition: None
2026-06-14 05:46:25,251 - INFO - Recorded 1 edits for page_id: p0099
2026-06-14 05:46:25,261 - INFO - Successfully saved payload for page_id: p0099
2026-06-14 05:46:25,263 - INFO - Received POST request to save page_id: p0099 edition: None
2026-06-14 05:46:25,275 - INFO - Recorded 1 edits for page_id: p0099
2026-06-14 05:46:25,281 - INFO - Successfully saved payload for page_id: p0099
2026-06-14 05:46:25,300 - INFO - Received POST request to save page_id: p0099 edition: None
2026-06-14 05:46:25,318 - INFO - Recorded 0 edits for page_id: p0099
2026-06-14 05:46:25,320 - INFO - Successfully saved payload for page_id: p0099
2026-06-14 05:46:25,356 - INFO - Received GET request for page_id: p0001 edition: whitaker_latin
2026-06-14 05:46:25,369 - INFO - Successfully read payload for page_id: p0001
2026-06-14 05:46:25,377 - INFO - Received GET request for page_id: p0001 edition: None
2026-06-14 05:46:25,377 - WARNING - Page not found: p0001
2026-06-14 05:46:25,389 - INFO - Received POST request to save page_id: p0001 edition: whitaker_latin
2026-06-14 05:46:25,392 - INFO - Recorded 1 edits for page_id: p0001
2026-06-14 05:46:25,393 - INFO - Successfully saved payload for page_id: p0001
2026-06-14 05:46:26,238 - INFO - Received POST request to save page_id: p0050 edition: None
2026-06-14 05:46:26,241 - INFO - Recorded 0 edits for page_id: p0050
2026-06-14 05:46:26,248 - INFO - Successfully saved payload for page_id: p0050
2026-06-14 05:46:26,304 - INFO - Received POST request to save page_id: p0050 edition: None
2026-06-14 05:46:26,304 - INFO - Recorded 0 edits for page_id: p0050
2026-06-14 05:46:26,314 - INFO - Successfully saved payload for page_id: p0050
