[2026-04-18 20:04:07Z INFO HostContext] No proxy settings were found based on environmental variables (http_proxy/https_proxy/HTTP_PROXY/HTTPS_PROXY)
[2026-04-18 20:04:07Z INFO HostContext] Well known directory 'Bin': 'C:\Users\User\Documents\UssherIn\actions-runner\bin'
[2026-04-18 20:04:07Z INFO HostContext] Well known directory 'Root': 'C:\Users\User\Documents\UssherIn\actions-runner'
[2026-04-18 20:04:07Z INFO HostContext] Well known config file 'Credentials': 'C:\Users\User\Documents\UssherIn\actions-runner\.credentials'
[2026-04-18 20:04:07Z INFO HostContext] Well known directory 'Bin': 'C:\Users\User\Documents\UssherIn\actions-runner\bin'
[2026-04-18 20:04:07Z INFO HostContext] Well known directory 'Root': 'C:\Users\User\Documents\UssherIn\actions-runner'
[2026-04-18 20:04:07Z INFO HostContext] Well known config file 'Runner': 'C:\Users\User\Documents\UssherIn\actions-runner\.runner'
[2026-04-18 20:04:07Z INFO Listener] Runner is built for Windows (X64) - win-x64.
[2026-04-18 20:04:07Z INFO Listener] RuntimeInformation: Microsoft Windows 10.0.19045.
[2026-04-18 20:04:07Z INFO Listener] Version: 2.333.1
[2026-04-18 20:04:07Z INFO Listener] Commit: 6792966801e8925346735b68c03bf9f347af4646
[2026-04-18 20:04:07Z INFO Listener] Culture: en-US
[2026-04-18 20:04:07Z INFO Listener] UI Culture: en-US
[2026-04-18 20:04:07Z INFO HostContext] Well known directory 'Bin': 'C:\Users\User\Documents\UssherIn\actions-runner\bin'
[2026-04-18 20:04:07Z INFO HostContext] Well known directory 'Root': 'C:\Users\User\Documents\UssherIn\actions-runner'
[2026-04-18 20:04:07Z INFO Listener] Validating directory permissions for: 'C:\Users\User\Documents\UssherIn\actions-runner'
[2026-04-18 20:04:07Z INFO CommandLineParser] Parse
[2026-04-18 20:04:07Z INFO CommandLineParser] Parsing 11 args
[2026-04-18 20:04:07Z INFO CommandLineParser] parsing argument
[2026-04-18 20:04:07Z INFO CommandLineParser] HasArgs: False
[2026-04-18 20:04:07Z INFO CommandLineParser] Adding Command: configure
[2026-04-18 20:04:07Z INFO CommandLineParser] parsing argument
[2026-04-18 20:04:07Z INFO CommandLineParser] HasArgs: True
[2026-04-18 20:04:07Z INFO CommandLineParser] arg: url
[2026-04-18 20:04:07Z INFO CommandLineParser] parsing argument
[2026-04-18 20:04:07Z INFO CommandLineParser] HasArgs: True
[2026-04-18 20:04:07Z INFO CommandLineParser] Adding option 'url': 'https://github.com/paulboys/Ussher-In'
[2026-04-18 20:04:07Z INFO CommandLineParser] parsing argument
[2026-04-18 20:04:07Z INFO CommandLineParser] HasArgs: True
[2026-04-18 20:04:07Z INFO CommandLineParser] arg: unattended
[2026-04-18 20:04:07Z INFO CommandLineParser] parsing argument
[2026-04-18 20:04:07Z INFO CommandLineParser] HasArgs: True
[2026-04-18 20:04:07Z INFO CommandLineParser] arg: replace
[2026-04-18 20:04:07Z INFO CommandLineParser] Adding flag: unattended
[2026-04-18 20:04:07Z INFO CommandLineParser] parsing argument
[2026-04-18 20:04:07Z INFO CommandLineParser] HasArgs: True
[2026-04-18 20:04:07Z INFO CommandLineParser] arg: labels
[2026-04-18 20:04:07Z INFO CommandLineParser] Adding flag: replace
[2026-04-18 20:04:07Z INFO CommandLineParser] parsing argument
[2026-04-18 20:04:07Z INFO CommandLineParser] HasArgs: True
[2026-04-18 20:04:07Z INFO CommandLineParser] Adding option 'labels': 'self-hosted'
[2026-04-18 20:04:07Z INFO CommandLineParser] parsing argument
[2026-04-18 20:04:07Z INFO CommandLineParser] HasArgs: True
[2026-04-18 20:04:07Z INFO CommandLineParser] arg: name
[2026-04-18 20:04:07Z INFO CommandLineParser] parsing argument
[2026-04-18 20:04:07Z INFO CommandLineParser] HasArgs: True
[2026-04-18 20:04:07Z INFO CommandLineParser] Adding option 'name': 'UssherIn-Runner'
[2026-04-18 20:04:07Z INFO CommandLineParser] parsing argument
[2026-04-18 20:04:07Z INFO CommandLineParser] HasArgs: True
[2026-04-18 20:04:07Z INFO CommandLineParser] arg: runnergroup
[2026-04-18 20:04:07Z INFO CommandLineParser] parsing argument
[2026-04-18 20:04:07Z INFO CommandLineParser] HasArgs: True
[2026-04-18 20:04:07Z INFO CommandLineParser] Adding option 'runnergroup': 'Default'
[2026-04-18 20:04:07Z INFO Listener] Arguments parsed
[2026-04-18 20:04:07Z INFO Runner] ExecuteCommand
[2026-04-18 20:04:07Z INFO ConfigurationStore] currentAssemblyLocation: C:\Users\User\Documents\UssherIn\actions-runner\bin\Runner.Listener.dll
[2026-04-18 20:04:07Z INFO HostContext] Well known directory 'Bin': 'C:\Users\User\Documents\UssherIn\actions-runner\bin'
[2026-04-18 20:04:07Z INFO ConfigurationStore] binPath: C:\Users\User\Documents\UssherIn\actions-runner\bin
[2026-04-18 20:04:07Z INFO HostContext] Well known directory 'Bin': 'C:\Users\User\Documents\UssherIn\actions-runner\bin'
[2026-04-18 20:04:07Z INFO HostContext] Well known directory 'Root': 'C:\Users\User\Documents\UssherIn\actions-runner'
[2026-04-18 20:04:07Z INFO ConfigurationStore] RootFolder: C:\Users\User\Documents\UssherIn\actions-runner
[2026-04-18 20:04:07Z INFO HostContext] Well known directory 'Bin': 'C:\Users\User\Documents\UssherIn\actions-runner\bin'
[2026-04-18 20:04:07Z INFO HostContext] Well known directory 'Root': 'C:\Users\User\Documents\UssherIn\actions-runner'
[2026-04-18 20:04:07Z INFO HostContext] Well known config file 'Runner': 'C:\Users\User\Documents\UssherIn\actions-runner\.runner'
[2026-04-18 20:04:07Z INFO ConfigurationStore] ConfigFilePath: C:\Users\User\Documents\UssherIn\actions-runner\.runner
[2026-04-18 20:04:07Z INFO HostContext] Well known directory 'Bin': 'C:\Users\User\Documents\UssherIn\actions-runner\bin'
[2026-04-18 20:04:07Z INFO HostContext] Well known directory 'Root': 'C:\Users\User\Documents\UssherIn\actions-runner'
[2026-04-18 20:04:07Z INFO HostContext] Well known config file 'MigratedRunner': 'C:\Users\User\Documents\UssherIn\actions-runner\.runner_migrated'
[2026-04-18 20:04:07Z INFO ConfigurationStore] MigratedConfigFilePath: C:\Users\User\Documents\UssherIn\actions-runner\.runner_migrated
[2026-04-18 20:04:07Z INFO HostContext] Well known directory 'Bin': 'C:\Users\User\Documents\UssherIn\actions-runner\bin'
[2026-04-18 20:04:07Z INFO HostContext] Well known directory 'Root': 'C:\Users\User\Documents\UssherIn\actions-runner'
[2026-04-18 20:04:07Z INFO HostContext] Well known config file 'Credentials': 'C:\Users\User\Documents\UssherIn\actions-runner\.credentials'
[2026-04-18 20:04:07Z INFO ConfigurationStore] CredFilePath: C:\Users\User\Documents\UssherIn\actions-runner\.credentials
[2026-04-18 20:04:07Z INFO HostContext] Well known directory 'Bin': 'C:\Users\User\Documents\UssherIn\actions-runner\bin'
[2026-04-18 20:04:07Z INFO HostContext] Well known directory 'Root': 'C:\Users\User\Documents\UssherIn\actions-runner'
[2026-04-18 20:04:07Z INFO HostContext] Well known config file 'MigratedCredentials': 'C:\Users\User\Documents\UssherIn\actions-runner\.credentials_migrated'
[2026-04-18 20:04:07Z INFO ConfigurationStore] MigratedCredFilePath: C:\Users\User\Documents\UssherIn\actions-runner\.credentials_migrated
[2026-04-18 20:04:07Z INFO HostContext] Well known directory 'Bin': 'C:\Users\User\Documents\UssherIn\actions-runner\bin'
[2026-04-18 20:04:07Z INFO HostContext] Well known directory 'Root': 'C:\Users\User\Documents\UssherIn\actions-runner'
[2026-04-18 20:04:07Z INFO HostContext] Well known config file 'Service': 'C:\Users\User\Documents\UssherIn\actions-runner\.service'
[2026-04-18 20:04:07Z INFO ConfigurationStore] ServiceConfigFilePath: C:\Users\User\Documents\UssherIn\actions-runner\.service
[2026-04-18 20:04:07Z INFO CommandSettings] Flag 'help': 'False'
[2026-04-18 20:04:07Z INFO CommandSettings] Flag 'version': 'False'
[2026-04-18 20:04:07Z INFO CommandSettings] Flag 'commit': 'False'
[2026-04-18 20:04:07Z INFO CommandSettings] Flag 'check': 'False'
[2026-04-18 20:04:07Z INFO CommandSettings] Command 'configure': 'True'
[2026-04-18 20:04:07Z INFO Terminal] WRITE LINE: 
[2026-04-18 20:04:07Z INFO Terminal] WRITE LINE: --------------------------------------------------------------------------------
[2026-04-18 20:04:07Z INFO Terminal] WRITE LINE: |        ____ _ _   _   _       _          _        _   _                      |
[2026-04-18 20:04:07Z INFO Terminal] WRITE LINE: |       / ___(_) |_| | | |_   _| |__      / \   ___| |_(_) ___  _ __  ___      |
[2026-04-18 20:04:07Z INFO Terminal] WRITE LINE: |      | |  _| | __| |_| | | | | '_ \    / _ \ / __| __| |/ _ \| '_ \/ __|     |
[2026-04-18 20:04:07Z INFO Terminal] WRITE LINE: |      | |_| | | |_|  _  | |_| | |_) |  / ___ \ (__| |_| | (_) | | | \__ \     |
[2026-04-18 20:04:07Z INFO Terminal] WRITE LINE: |       \____|_|\__|_| |_|\__,_|_.__/  /_/   \_\___|\__|_|\___/|_| |_|___/     |
[2026-04-18 20:04:07Z INFO Terminal] WRITE LINE: |                                                                              |
[2026-04-18 20:04:07Z INFO Terminal] WRITE: |                       
[2026-04-18 20:04:07Z INFO Terminal] WRITE: Self-hosted runner registration
[2026-04-18 20:04:07Z INFO Terminal] WRITE LINE:                         |
[2026-04-18 20:04:07Z INFO Terminal] WRITE LINE: |                                                                              |
[2026-04-18 20:04:07Z INFO Terminal] WRITE LINE: --------------------------------------------------------------------------------
[2026-04-18 20:04:07Z INFO ConfigurationManager] ConfigureAsync
[2026-04-18 20:04:07Z INFO CommandSettings] Flag 'generateServiceConfig': 'False'
[2026-04-18 20:04:07Z INFO ConfigurationStore] IsConfigured()
[2026-04-18 20:04:07Z INFO ConfigurationStore] IsConfigured: False
[2026-04-18 20:04:07Z INFO ConfigurationManager] Is configured: False
[2026-04-18 20:04:07Z INFO CommandSettings] Arg 'url': 'https://github.com/paulboys/Ussher-In'
[2026-04-18 20:04:07Z INFO CommandSettings] Remove url from Arg dictionary.
[2026-04-18 20:04:07Z INFO CommandSettings] Arg 'token': ''
[2026-04-18 20:04:07Z INFO CommandSettings] Flag 'unattended': 'True'
[2026-04-18 20:04:07Z INFO PromptManager] ReadValue
[2026-04-18 20:04:07Z ERR  Runner] System.Exception: Invalid configuration provided for token. Terminating unattended configuration.
   at GitHub.Runner.Listener.Configuration.PromptManager.ReadValue(String argName, String description, Boolean secret, String defaultValue, Func`2 validator, Boolean unattended, Boolean isOptional)
   at GitHub.Runner.Listener.CommandSettings.GetArgOrPrompt(String name, String description, String defaultValue, Func`2 validator, Boolean isOptional)
   at GitHub.Runner.Listener.CommandSettings.GetRunnerRegisterToken()
   at GitHub.Runner.Listener.Configuration.ConfigurationManager.GetRunnerTokenAsync(CommandSettings command, String githubUrl, String tokenType)
   at GitHub.Runner.Listener.Configuration.ConfigurationManager.ConfigureAsync(CommandSettings command)
   at GitHub.Runner.Listener.Runner.ExecuteCommand(CommandSettings command)
[2026-04-18 20:04:07Z ERR  Terminal] WRITE ERROR: Invalid configuration provided for token. Terminating unattended configuration.
[2026-04-18 20:04:07Z INFO Listener] Runner execution has finished with return code 1
